1675	na_comp8_c0_seq1	100.00	82	0	0	1	82	63	144	4e-41	 149
2984	na_comp8_c0_seq1	100.00	82	0	0	1	82	359	440	4e-41	 149
3311	na_comp8_c0_seq1	100.00	82	0	0	1	82	384	303	4e-41	 149
3492	na_comp8_c0_seq1	100.00	82	0	0	1	82	117	198	4e-41	 149
3702	na_comp8_c0_seq1	100.00	82	0	0	1	82	171	252	4e-41	 149
5894	na_comp8_c0_seq1	100.00	82	0	0	1	82	71	152	4e-41	 149
6931	na_comp8_c0_seq1	100.00	82	0	0	1	82	472	391	4e-41	 149
6967	na_comp8_c0_seq1	100.00	82	0	0	1	82	282	363	4e-41	 149
8089	na_comp8_c0_seq1	100.00	82	0	0	1	82	132	51	4e-41	 149
